#
# There is insufficient memory for the Java Runtime Environment to continue.
# Native memory allocation (malloc) failed to allocate 131376 bytes for Chunk::new
# Possible reasons:
#   The system is out of physical RAM or swap space
#   The process is running with CompressedOops enabled, and the Java Heap may be blocking the growth of the native heap
# Possible solutions:
#   Reduce memory load on the system
#   Increase physical memory or swap space
#   Check if swap backing store is full
#   Decrease Java heap size (-Xmx/-Xms)
#   Decrease number of Java threads
#   Decrease Java thread stack sizes (-Xss)
#   Set larger code cache with -XX:ReservedCodeCacheSize=
#   JVM is running with Zero Based Compressed Oops mode in which the Java heap is
#     placed in the first 32GB address space. The Java Heap base address is the
#     maximum limit for the native heap growth. Please use -XX:HeapBaseMinAddress
#     to set the Java Heap base and to place the Java Heap above 32GB virtual address.
# This output file may be truncated or incomplete.
#
#  Out of Memory Error (allocation.cpp:389), pid=23660, tid=0x0000000000005548
#
# JRE version: Java(TM) SE Runtime Environment (8.0_202-b08) (build 1.8.0_202-b08)
# Java VM: Java HotSpot(TM) 64-Bit Server VM (25.202-b08 mixed mode windows-amd64 compressed oops)
# Failed to write core dump. Minidumps are not enabled by default on client versions of Windows
#

---------------  T H R E A D  ---------------

Current thread (0x000000001d9b2000):  JavaThread "C2 CompilerThread1" daemon [_thread_in_native, id=21832, stack(0x000000001f100000,0x000000001f200000)]

Stack: [0x000000001f100000,0x000000001f200000]
[error occurred during error reporting (printing stack bounds), id 0xc0000005]

Native frames: (J=compiled Java code, j=interpreted, Vv=VM code, C=native code)


Current CompileTask:
C2:2151247 6314   !   4       org.apache.tomcat.util.buf.StringCache::toString (615 bytes)


---------------  P R O C E S S  ---------------

Java Threads: ( => current thread )
  0x00000000283df800 JavaThread "DestroyJavaVM" [_thread_blocked, id=13664, stack(0x0000000002590000,0x0000000002690000)]
  0x00000000283e2000 JavaThread "http-nio-8761-Acceptor" daemon [_thread_in_native, id=10908, stack(0x000000002b190000,0x000000002b290000)]
  0x00000000283dd800 JavaThread "http-nio-8761-ClientPoller" daemon [_thread_in_native, id=17576, stack(0x000000002b090000,0x000000002b190000)]
  0x00000000283e0800 JavaThread "http-nio-8761-exec-10" daemon [_thread_blocked, id=18596, stack(0x000000002af90000,0x000000002b090000)]
  0x00000000283de000 JavaThread "http-nio-8761-exec-9" daemon [_thread_blocked, id=15556, stack(0x000000002ae90000,0x000000002af90000)]
  0x00000000283d9800 JavaThread "http-nio-8761-exec-8" daemon [_thread_blocked, id=7492, stack(0x000000002ad90000,0x000000002ae90000)]
  0x00000000283da800 JavaThread "http-nio-8761-exec-7" daemon [_thread_blocked, id=11508, stack(0x000000002ac90000,0x000000002ad90000)]
  0x00000000283dc800 JavaThread "http-nio-8761-exec-6" daemon [_thread_blocked, id=20204, stack(0x000000002ab90000,0x000000002ac90000)]
  0x00000000283d9000 JavaThread "http-nio-8761-exec-5" daemon [_thread_blocked, id=15580, stack(0x000000002aa90000,0x000000002ab90000)]
  0x00000000283dc000 JavaThread "http-nio-8761-exec-4" daemon [_thread_blocked, id=16724, stack(0x000000002a990000,0x000000002aa90000)]
  0x00000000283d8000 JavaThread "http-nio-8761-exec-3" daemon [_thread_blocked, id=23124, stack(0x000000002a890000,0x000000002a990000)]
  0x00000000283db000 JavaThread "http-nio-8761-exec-2" daemon [_thread_blocked, id=23924, stack(0x000000002a790000,0x000000002a890000)]
  0x00000000228a6000 JavaThread "http-nio-8761-exec-1" daemon [_thread_blocked, id=12216, stack(0x000000002a690000,0x000000002a790000)]
  0x00000000228a5000 JavaThread "http-nio-8761-BlockPoller" daemon [_thread_in_native, id=6748, stack(0x000000002a460000,0x000000002a560000)]
  0x00000000228a4800 JavaThread "Eureka-CacheFillTimer" daemon [_thread_blocked, id=21824, stack(0x000000002a360000,0x000000002a460000)]
  0x00000000228a7800 JavaThread "Eureka-PeerNodesUpdater" daemon [_thread_blocked, id=5540, stack(0x000000002a260000,0x000000002a360000)]
  0x0000000029651800 JavaThread "Eureka-MeasureRateTimer" daemon [_thread_blocked, id=9448, stack(0x0000000029120000,0x0000000029220000)]
  0x0000000026a96800 JavaThread "ReplicaAwareInstanceRegistry - RenewalThresholdUpdater" daemon [_thread_blocked, id=2768, stack(0x0000000029020000,0x0000000029120000)]
  0x000000002082d800 JavaThread "Eureka-MeasureRateTimer" daemon [_thread_blocked, id=24732, stack(0x0000000028820000,0x0000000028920000)]
  0x00000000258ac800 JavaThread "Eureka-EvictionTimer" daemon [_thread_blocked, id=14628, stack(0x0000000028f20000,0x0000000029020000)]
  0x000000001fca4800 JavaThread "Eureka-DeltaRetentionTimer" daemon [_thread_blocked, id=20368, stack(0x0000000028b50000,0x0000000028c50000)]
  0x00000000262d4000 JavaThread "spring.cloud.inetutils" daemon [_thread_blocked, id=10136, stack(0x0000000025d70000,0x0000000025e70000)]
  0x00000000222c2000 JavaThread "container-0" [_thread_blocked, id=11520, stack(0x0000000024430000,0x0000000024530000)]
  0x00000000261dc800 JavaThread "Catalina-utility-2" [_thread_blocked, id=1136, stack(0x0000000022940000,0x0000000022a40000)]
  0x000000002615b800 JavaThread "Catalina-utility-1" [_thread_blocked, id=30308, stack(0x0000000021670000,0x0000000021770000)]
  0x000000001d9c1800 JavaThread "Service Thread" daemon [_thread_blocked, id=19804, stack(0x000000001f400000,0x000000001f500000)]
  0x000000001d9b5800 JavaThread "C1 CompilerThread3" daemon [_thread_blocked, id=11756, stack(0x000000001f300000,0x000000001f400000)]
  0x000000001d9b5000 JavaThread "C2 CompilerThread2" daemon [_thread_blocked, id=3424, stack(0x000000001f200000,0x000000001f300000)]
=>0x000000001d9b2000 JavaThread "C2 CompilerThread1" daemon [_thread_in_native, id=21832, stack(0x000000001f100000,0x000000001f200000)]
  0x000000001d9ae000 JavaThread "C2 CompilerThread0" daemon [_thread_blocked, id=29400, stack(0x000000001f000000,0x000000001f100000)]
  0x000000001d9a9000 JavaThread "Attach Listener" daemon [_thread_blocked, id=18732, stack(0x000000001ef00000,0x000000001f000000)]
  0x000000001d9a8800 JavaThread "Signal Dispatcher" daemon [_thread_blocked, id=28684, stack(0x000000001ee00000,0x000000001ef00000)]
  0x000000001c2c6800 JavaThread "Finalizer" daemon [_thread_blocked, id=22148, stack(0x000000001ebf0000,0x000000001ecf0000)]
  0x000000001d993000 JavaThread "Reference Handler" daemon [_thread_blocked, id=8712, stack(0x000000001eaf0000,0x000000001ebf0000)]

Other Threads:
  0x000000001d972800 VMThread [stack: 0x000000001e9f0000,0x000000001eaf0000] [id=12836]
  0x000000001da6f000 WatcherThread [stack: 0x000000001f500000,0x000000001f600000] [id=6380]

VM state:not at safepoint (normal execution)

VM Mutex/Monitor currently owned by a thread: None

heap address: 0x00000006c3600000, size: 4042 MB, Compressed Oops mode: Zero based, Oop shift amount: 3
Narrow klass base: 0x0000000000000000, Narrow klass shift: 3
Compressed class space size: 1073741824 Address: 0x00000007c0000000

Heap:
 PSYoungGen      total 187904K, used 149266K [0x000000076bd00000, 0x000000077e880000, 0x00000007c0000000)
  eden space 174592K, 77% used [0x000000076bd00000,0x00000007741ca990,0x0000000776780000)
  from space 13312K, 99% used [0x0000000776780000,0x000000077747a108,0x0000000777480000)
  to   space 15872K, 0% used [0x000000077d900000,0x000000077d900000,0x000000077e880000)
 ParOldGen       total 133632K, used 15890K [0x00000006c3600000, 0x00000006cb880000, 0x000000076bd00000)
  object space 133632K, 11% used [0x00000006c3600000,0x00000006c45849e8,0x00000006cb880000)
 Metaspace       used 55001K, capacity 57758K, committed 58024K, reserved 1099776K
  class space    used 7508K, capacity 7983K, committed 8104K, reserved 1048576K

Card table byte_map: [0x0000000011b50000,0x0000000012340000] byte_map_base: 0x000000000e535000

Marking Bits: (ParMarkBitMap*) 0x00000000778f5ce0
 Begin Bits: [0x0000000013290000, 0x00000000171b8000)
 End Bits:   [0x00000000171b8000, 0x000000001b0e0000)

Polling page: 0x0000000002300000

CodeCache: size=245760Kb used=19644Kb max_used=19644Kb free=226116Kb
 bounds [0x0000000002790000, 0x0000000003ae0000, 0x0000000011790000]
 total_blobs=5917 nmethods=5405 adapters=424
 compilation: enabled

Compilation events (10 events):
Event: 2132.886 Thread 0x000000001d9b5800 nmethod 6311 0x0000000003acbfd0 code [0x0000000003acc140, 0x0000000003acc4d0]
Event: 2132.886 Thread 0x000000001d9b5800 6308       3       org.apache.tomcat.util.buf.ByteChunk::startsWithIgnoreCase (83 bytes)
Event: 2132.886 Thread 0x000000001d9b5800 nmethod 6308 0x0000000003acb290 code [0x0000000003acb440, 0x0000000003acbb68]
Event: 2132.886 Thread 0x000000001d9b5800 6309       3       org.apache.coyote.http11.Http11InputBuffer::addActiveFilter (91 bytes)
Event: 2132.887 Thread 0x000000001d9b5800 nmethod 6309 0x0000000003ace9d0 code [0x0000000003aceb80, 0x0000000003acf248]
Event: 2145.977 Thread 0x000000001d9b5800 6312       3       java.util.concurrent.ConcurrentHashMap::values (27 bytes)
Event: 2145.978 Thread 0x000000001d9b5800 nmethod 6312 0x0000000003ac92d0 code [0x0000000003ac9440, 0x0000000003ac9790]
Event: 2145.978 Thread 0x000000001d9b5800 6313       3       java.util.concurrent.ConcurrentHashMap$ValuesView::iterator (34 bytes)
Event: 2145.978 Thread 0x000000001d9b5800 nmethod 6313 0x0000000003ace210 code [0x0000000003ace3a0, 0x0000000003ace7b8]
Event: 2149.233 Thread 0x000000001d9b2000 6314   !   4       org.apache.tomcat.util.buf.StringCache::toString (615 bytes)

GC Heap History (10 events):
Event: 2.097 GC heap before
{Heap before GC invocations=5 (full 1):
 PSYoungGen      total 75776K, used 65024K [0x000000076bd00000, 0x0000000775100000, 0x00000007c0000000)
  eden space 65024K, 100% used [0x000000076bd00000,0x000000076fc80000,0x000000076fc80000)
  from space 10752K, 0% used [0x000000076fc80000,0x000000076fc80000,0x0000000770700000)
  to   space 10752K, 0% used [0x0000000774680000,0x0000000774680000,0x0000000775100000)
 ParOldGen       total 92160K, used 6675K [0x00000006c3600000, 0x00000006c9000000, 0x000000076bd00000)
  object space 92160K, 7% used [0x00000006c3600000,0x00000006c3c84d18,0x00000006c9000000)
 Metaspace       used 25175K, capacity 26138K, committed 26368K, reserved 1073152K
  class space    used 3270K, capacity 3510K, committed 3584K, reserved 1048576K
Event: 2.103 GC heap after
Heap after GC invocations=5 (full 1):
 PSYoungGen      total 116224K, used 7936K [0x000000076bd00000, 0x0000000774e80000, 0x00000007c0000000)
  eden space 108032K, 0% used [0x000000076bd00000,0x000000076bd00000,0x0000000772680000)
  from space 8192K, 96% used [0x0000000774680000,0x0000000774e401e8,0x0000000774e80000)
  to   space 10752K, 0% used [0x0000000773980000,0x0000000773980000,0x0000000774400000)
 ParOldGen       total 92160K, used 6683K [0x00000006c3600000, 0x00000006c9000000, 0x000000076bd00000)
  object space 92160K, 7% used [0x00000006c3600000,0x00000006c3c86d18,0x00000006c9000000)
 Metaspace       used 25175K, capacity 26138K, committed 26368K, reserved 1073152K
  class space    used 3270K, capacity 3510K, committed 3584K, reserved 1048576K
}
Event: 3.269 GC heap before
{Heap before GC invocations=6 (full 1):
 PSYoungGen      total 116224K, used 115968K [0x000000076bd00000, 0x0000000774e80000, 0x00000007c0000000)
  eden space 108032K, 100% used [0x000000076bd00000,0x0000000772680000,0x0000000772680000)
  from space 8192K, 96% used [0x0000000774680000,0x0000000774e401e8,0x0000000774e80000)
  to   space 10752K, 0% used [0x0000000773980000,0x0000000773980000,0x0000000774400000)
 ParOldGen       total 92160K, used 6683K [0x00000006c3600000, 0x00000006c9000000, 0x000000076bd00000)
  object space 92160K, 7% used [0x00000006c3600000,0x00000006c3c86d18,0x00000006c9000000)
 Metaspace       used 32730K, capacity 34370K, committed 34560K, reserved 1079296K
  class space    used 4280K, capacity 4592K, committed 4608K, reserved 1048576K
Event: 3.276 GC heap after
Heap after GC invocations=6 (full 1):
 PSYoungGen      total 138240K, used 10744K [0x000000076bd00000, 0x0000000778200000, 0x00000007c0000000)
  eden space 127488K, 0% used [0x000000076bd00000,0x000000076bd00000,0x0000000773980000)
  from space 10752K, 99% used [0x0000000773980000,0x00000007743fe070,0x0000000774400000)
  to   space 13824K, 0% used [0x0000000777480000,0x0000000777480000,0x0000000778200000)
 ParOldGen       total 92160K, used 10091K [0x00000006c3600000, 0x00000006c9000000, 0x000000076bd00000)
  object space 92160K, 10% used [0x00000006c3600000,0x00000006c3fdae60,0x00000006c9000000)
 Metaspace       used 32730K, capacity 34370K, committed 34560K, reserved 1079296K
  class space    used 4280K, capacity 4592K, committed 4608K, reserved 1048576K
}
Event: 3.430 GC heap before
{Heap before GC invocations=7 (full 1):
 PSYoungGen      total 138240K, used 39648K [0x000000076bd00000, 0x0000000778200000, 0x00000007c0000000)
  eden space 127488K, 22% used [0x000000076bd00000,0x000000076d93a260,0x0000000773980000)
  from space 10752K, 99% used [0x0000000773980000,0x00000007743fe070,0x0000000774400000)
  to   space 13824K, 0% used [0x0000000777480000,0x0000000777480000,0x0000000778200000)
 ParOldGen       total 92160K, used 10091K [0x00000006c3600000, 0x00000006c9000000, 0x000000076bd00000)
  object space 92160K, 10% used [0x00000006c3600000,0x00000006c3fdae60,0x00000006c9000000)
 Metaspace       used 33794K, capacity 35483K, committed 35496K, reserved 1079296K
  class space    used 4433K, capacity 4763K, committed 4776K, reserved 1048576K
Event: 3.435 GC heap after
Heap after GC invocations=7 (full 1):
 PSYoungGen      total 188416K, used 8596K [0x000000076bd00000, 0x000000077a500000, 0x00000007c0000000)
  eden space 174592K, 0% used [0x000000076bd00000,0x000000076bd00000,0x0000000776780000)
  from space 13824K, 62% used [0x0000000777480000,0x0000000777ce52e8,0x0000000778200000)
  to   space 13312K, 0% used [0x0000000776780000,0x0000000776780000,0x0000000777480000)
 ParOldGen       total 92160K, used 10099K [0x00000006c3600000, 0x00000006c9000000, 0x000000076bd00000)
  object space 92160K, 10% used [0x00000006c3600000,0x00000006c3fdce60,0x00000006c9000000)
 Metaspace       used 33794K, capacity 35483K, committed 35496K, reserved 1079296K
  class space    used 4433K, capacity 4763K, committed 4776K, reserved 1048576K
}
Event: 3.435 GC heap before
{Heap before GC invocations=8 (full 2):
 PSYoungGen      total 188416K, used 8596K [0x000000076bd00000, 0x000000077a500000, 0x00000007c0000000)
  eden space 174592K, 0% used [0x000000076bd00000,0x000000076bd00000,0x0000000776780000)
  from space 13824K, 62% used [0x0000000777480000,0x0000000777ce52e8,0x0000000778200000)
  to   space 13312K, 0% used [0x0000000776780000,0x0000000776780000,0x0000000777480000)
 ParOldGen       total 92160K, used 10099K [0x00000006c3600000, 0x00000006c9000000, 0x000000076bd00000)
  object space 92160K, 10% used [0x00000006c3600000,0x00000006c3fdce60,0x00000006c9000000)
 Metaspace       used 33794K, capacity 35483K, committed 35496K, reserved 1079296K
  class space    used 4433K, capacity 4763K, committed 4776K, reserved 1048576K
Event: 3.467 GC heap after
Heap after GC invocations=8 (full 2):
 PSYoungGen      total 188416K, used 0K [0x000000076bd00000, 0x000000077a500000, 0x00000007c0000000)
  eden space 174592K, 0% used [0x000000076bd00000,0x000000076bd00000,0x0000000776780000)
  from space 13824K, 0% used [0x0000000777480000,0x0000000777480000,0x0000000778200000)
  to   space 13312K, 0% used [0x0000000776780000,0x0000000776780000,0x0000000777480000)
 ParOldGen       total 133632K, used 13402K [0x00000006c3600000, 0x00000006cb880000, 0x000000076bd00000)
  object space 133632K, 10% used [0x00000006c3600000,0x00000006c4316bb0,0x00000006cb880000)
 Metaspace       used 33794K, capacity 35483K, committed 35496K, reserved 1079296K
  class space    used 4433K, capacity 4763K, committed 4776K, reserved 1048576K
}
Event: 4.751 GC heap before
{Heap before GC invocations=9 (full 2):
 PSYoungGen      total 188416K, used 174592K [0x000000076bd00000, 0x000000077a500000, 0x00000007c0000000)
  eden space 174592K, 100% used [0x000000076bd00000,0x0000000776780000,0x0000000776780000)
  from space 13824K, 0% used [0x0000000777480000,0x0000000777480000,0x0000000778200000)
  to   space 13312K, 0% used [0x0000000776780000,0x0000000776780000,0x0000000777480000)
 ParOldGen       total 133632K, used 13402K [0x00000006c3600000, 0x00000006cb880000, 0x000000076bd00000)
  object space 133632K, 10% used [0x00000006c3600000,0x00000006c4316bb0,0x00000006cb880000)
 Metaspace       used 43836K, capacity 46033K, committed 46248K, reserved 1089536K
  class space    used 6050K, capacity 6446K, committed 6568K, reserved 1048576K
Event: 4.761 GC heap after
Heap after GC invocations=9 (full 2):
 PSYoungGen      total 187904K, used 13288K [0x000000076bd00000, 0x000000077e880000, 0x00000007c0000000)
  eden space 174592K, 0% used [0x000000076bd00000,0x000000076bd00000,0x0000000776780000)
  from space 13312K, 99% used [0x0000000776780000,0x000000077747a108,0x0000000777480000)
  to   space 15872K, 0% used [0x000000077d900000,0x000000077d900000,0x000000077e880000)
 ParOldGen       total 133632K, used 15890K [0x00000006c3600000, 0x00000006cb880000, 0x000000076bd00000)
  object space 133632K, 11% used [0x00000006c3600000,0x00000006c45849e8,0x00000006cb880000)
 Metaspace       used 43836K, capacity 46033K, committed 46248K, reserved 1089536K
  class space    used 6050K, capacity 6446K, committed 6568K, reserved 1048576K
}

Deoptimization events (10 events):
Event: 77.485 Thread 0x00000000283dc800 Uncommon trap: reason=unstable_if action=reinterpret pc=0x00000000034e339c method=java.nio.Buffer.<init>(IIII)V @ 66
Event: 77.485 Thread 0x00000000283dc800 Uncommon trap: reason=unstable_if action=reinterpret pc=0x0000000002c24868 method=java.nio.Buffer.<init>(IIII)V @ 66
Event: 77.536 Thread 0x00000000283dc800 Uncommon trap: reason=unstable_if action=reinterpret pc=0x00000000030e4000 method=java.nio.Buffer.limit(I)Ljava/nio/Buffer; @ 33
Event: 77.538 Thread 0x00000000283dc800 Uncommon trap: reason=bimorphic action=maybe_recompile pc=0x00000000031a1be8 method=java.util.HashMap.computeIfAbsent(Ljava/lang/Object;Ljava/util/function/Function;)Ljava/lang/Object; @ 263
Event: 77.538 Thread 0x00000000283dc800 Uncommon trap: reason=bimorphic action=maybe_recompile pc=0x00000000031a1be8 method=java.util.HashMap.computeIfAbsent(Ljava/lang/Object;Ljava/util/function/Function;)Ljava/lang/Object; @ 263
Event: 77.538 Thread 0x00000000283dc800 Uncommon trap: reason=bimorphic action=maybe_recompile pc=0x00000000031a1be8 method=java.util.HashMap.computeIfAbsent(Ljava/lang/Object;Ljava/util/function/Function;)Ljava/lang/Object; @ 263
Event: 77.553 Thread 0x00000000283dc800 Uncommon trap: reason=unstable_if action=reinterpret pc=0x000000000326d698 method=java.nio.Buffer.position(I)Ljava/nio/Buffer; @ 33
Event: 87.251 Thread 0x00000000283da800 Uncommon trap: reason=class_check action=maybe_recompile pc=0x0000000002d78964 method=java.net.URLStreamHandler.equals(Ljava/net/URL;Ljava/net/URL;)Z @ 33
Event: 90.793 Thread 0x00000000283d9800 Uncommon trap: reason=bimorphic action=maybe_recompile pc=0x00000000031a1be8 method=java.util.HashMap.computeIfAbsent(Ljava/lang/Object;Ljava/util/function/Function;)Ljava/lang/Object; @ 263
Event: 101.817 Thread 0x00000000283d9000 Uncommon trap: reason=class_check action=maybe_recompile pc=0x0000000002d78964 method=java.net.URLStreamHandler.equals(Ljava/net/URL;Ljava/net/URL;)Z @ 33

Classes redefined (0 events):
No events

Internal exceptions (10 events):
Event: 49.729 Thread 0x00000000228a6000 Exception <a 'java/lang/ClassNotFoundException': org/springframework/cloud/netflix/eureka/server/InstanceRegistryCustomizer> (0x0000000771be9a10) thrown at [C:\re\workspace\8-2-build-windows-amd64-cygwin\jdk8u202\12323\hotspot\src\share\vm\classfile\syste
Event: 49.736 Thread 0x00000000228a6000 Exception <a 'java/lang/ClassNotFoundException': com/netflix/eureka/util/StatusInfoBeanInfo> (0x0000000771c816a0) thrown at [C:\re\workspace\8-2-build-windows-amd64-cygwin\jdk8u202\12323\hotspot\src\share\vm\classfile\systemDictionary.cpp, line 210]
Event: 49.737 Thread 0x00000000228a6000 Exception <a 'java/lang/ClassNotFoundException': com/netflix/eureka/util/StatusInfoCustomizer> (0x0000000771c9ecc0) thrown at [C:\re\workspace\8-2-build-windows-amd64-cygwin\jdk8u202\12323\hotspot\src\share\vm\classfile\systemDictionary.cpp, line 210]
Event: 49.743 Thread 0x00000000228a6000 Exception <a 'java/lang/NoSuchMethodError': java.lang.Object.lambda$builder$1(Ljava/lang/String;)Lio/micrometer/core/instrument/Timer$Builder;> (0x0000000771cd8f48) thrown at [C:\re\workspace\8-2-build-windows-amd64-cygwin\jdk8u202\12323\hotspot\src\share
Event: 87.256 Thread 0x00000000283da800 Exception <a 'java/lang/ClassNotFoundException': java/util/HashMap$NodeBeanInfo> (0x00000007731d77b8) thrown at [C:\re\workspace\8-2-build-windows-amd64-cygwin\jdk8u202\12323\hotspot\src\share\vm\classfile\systemDictionary.cpp, line 210]
Event: 87.257 Thread 0x00000000283da800 Exception <a 'java/lang/ClassNotFoundException': java/util/HashMap$NodeCustomizer> (0x00000007731e4ff0) thrown at [C:\re\workspace\8-2-build-windows-amd64-cygwin\jdk8u202\12323\hotspot\src\share\vm\classfile\systemDictionary.cpp, line 210]
Event: 87.260 Thread 0x00000000283da800 Exception <a 'java/lang/ClassNotFoundException': com/netflix/appinfo/InstanceInfo$InstanceStatusBeanInfo> (0x0000000773213c58) thrown at [C:\re\workspace\8-2-build-windows-amd64-cygwin\jdk8u202\12323\hotspot\src\share\vm\classfile\systemDictionary.cpp, li
Event: 87.261 Thread 0x00000000283da800 Exception <a 'java/lang/ClassNotFoundException': java/lang/EnumBeanInfo> (0x000000077321f6c0) thrown at [C:\re\workspace\8-2-build-windows-amd64-cygwin\jdk8u202\12323\hotspot\src\share\vm\classfile\systemDictionary.cpp, line 210]
Event: 87.262 Thread 0x00000000283da800 Exception <a 'java/lang/ClassNotFoundException': java/lang/EnumCustomizer> (0x000000077322b948) thrown at [C:\re\workspace\8-2-build-windows-amd64-cygwin\jdk8u202\12323\hotspot\src\share\vm\classfile\systemDictionary.cpp, line 210]
Event: 87.263 Thread 0x00000000283da800 Exception <a 'java/lang/ClassNotFoundException': com/netflix/appinfo/InstanceInfo$InstanceStatusCustomizer> (0x0000000773255f78) thrown at [C:\re\workspace\8-2-build-windows-amd64-cygwin\jdk8u202\12323\hotspot\src\share\vm\classfile\systemDictionary.cpp, 

Events (10 events):
Event: 1969.079 Thread 0x000000001d9b5800 flushing nmethod 0x0000000002b5d210
Event: 1969.080 Thread 0x000000001d9b5800 flushing nmethod 0x0000000002b9d6d0
Event: 1969.081 Thread 0x000000001d9b5800 flushing nmethod 0x0000000002bcdfd0
Event: 1969.081 Thread 0x000000001d9b5800 flushing nmethod 0x0000000002be6950
Event: 1969.081 Thread 0x000000001d9b5800 flushing nmethod 0x0000000002c5afd0
Event: 1969.089 Thread 0x000000001d9b5800 flushing nmethod 0x0000000002c8fd90
Event: 1969.092 Thread 0x000000001d9b5800 flushing nmethod 0x0000000002da5890
Event: 1969.094 Thread 0x000000001d9b5800 flushing nmethod 0x0000000002ec1950
Event: 1969.095 Thread 0x000000001d9b5800 flushing nmethod 0x00000000030df6d0
Event: 1982.300 Thread 0x000000001d9b5800 flushing nmethod 0x00000000032ebc10


Dynamic libraries:
0x00007ff6903b0000 - 0x00007ff6903e7000 	C:\Program Files\Java\jdk1.8.0_202\bin\java.exe
0x00007ffbb49c0000 - 0x00007ffbb4c26000 	C:\WINDOWS\SYSTEM32\ntdll.dll
0x00007ffbb3830000 - 0x00007ffbb38f9000 	C:\WINDOWS\System32\KERNEL32.DLL
0x00007ffbb22e0000 - 0x00007ffbb26de000 	C:\WINDOWS\System32\KERNELBASE.dll
0x00007ffbb2e00000 - 0x00007ffbb2eb7000 	C:\WINDOWS\System32\ADVAPI32.dll
0x00007ffbb31f0000 - 0x00007ffbb3299000 	C:\WINDOWS\System32\msvcrt.dll
0x00007ffbb2d50000 - 0x00007ffbb2dfa000 	C:\WINDOWS\System32\sechost.dll
0x00007ffbb3380000 - 0x00007ffbb3498000 	C:\WINDOWS\System32\RPCRT4.dll
0x00007ffbb4420000 - 0x00007ffbb45e7000 	C:\WINDOWS\System32\USER32.dll
0x00007ffbb1be0000 - 0x00007ffbb1c07000 	C:\WINDOWS\System32\win32u.dll
0x00007ffbb26f0000 - 0x00007ffbb271b000 	C:\WINDOWS\System32\GDI32.dll
0x00007ffbb1d70000 - 0x00007ffbb1e9a000 	C:\WINDOWS\System32\gdi32full.dll
0x00007ffbb20e0000 - 0x00007ffbb2183000 	C:\WINDOWS\System32\msvcp_win.dll
0x00007ffbb1c10000 - 0x00007ffbb1d5c000 	C:\WINDOWS\System32\ucrtbase.dll
0x00007ffb93740000 - 0x00007ffb939d2000 	C:\WINDOWS\WinSxS\amd64_microsoft.windows.common-controls_6595b64144ccf1df_6.0.26100.8875_none_3e0d5d42e32fe9dd\COMCTL32.dll
0x00007ffbb2ec0000 - 0x00007ffbb2ef2000 	C:\WINDOWS\System32\IMM32.DLL
0x0000000076ff0000 - 0x00000000770c2000 	C:\Program Files\Java\jdk1.8.0_202\jre\bin\msvcr100.dll
0x00000000770d0000 - 0x0000000077975000 	C:\Program Files\Java\jdk1.8.0_202\jre\bin\server\jvm.dll
0x00007ffbb4790000 - 0x00007ffbb4798000 	C:\WINDOWS\System32\PSAPI.DLL
0x00007ffb9cfc0000 - 0x00007ffb9cfca000 	C:\WINDOWS\SYSTEM32\WSOCK32.dll
0x00007ffb95d50000 - 0x00007ffb95d86000 	C:\WINDOWS\SYSTEM32\WINMM.dll
0x00007ffba6b70000 - 0x00007ffba6b7b000 	C:\WINDOWS\SYSTEM32\VERSION.dll
0x00007ffbb2f50000 - 0x00007ffbb2fd0000 	C:\WINDOWS\System32\WS2_32.dll
0x00007ffb9c7b0000 - 0x00007ffb9c7bf000 	C:\Program Files\Java\jdk1.8.0_202\jre\bin\verify.dll
0x00007ffb9b1c0000 - 0x00007ffb9b1e9000 	C:\Program Files\Java\jdk1.8.0_202\jre\bin\java.dll
0x00007ffb9b130000 - 0x00007ffb9b146000 	C:\Program Files\Java\jdk1.8.0_202\jre\bin\zip.dll
0x00007ffbb3a00000 - 0x00007ffbb4192000 	C:\WINDOWS\System32\SHELL32.dll
0x00007ffbaf640000 - 0x00007ffbafed2000 	C:\WINDOWS\SYSTEM32\windows.storage.dll
0x00007ffbb34a0000 - 0x00007ffbb3823000 	C:\WINDOWS\System32\combase.dll
0x00007ffbb41f0000 - 0x00007ffbb42e7000 	C:\WINDOWS\System32\SHCORE.dll
0x00007ffbb42f0000 - 0x00007ffbb4357000 	C:\WINDOWS\System32\shlwapi.dll
0x00007ffbb1b00000 - 0x00007ffbb1b29000 	C:\WINDOWS\SYSTEM32\profapi.dll
0x00007ffb973f0000 - 0x00007ffb9740a000 	C:\Program Files\Java\jdk1.8.0_202\jre\bin\net.dll
0x00007ffb93550000 - 0x00007ffb9372c000 	C:\WINDOWS\SYSTEM32\urlmon.dll
0x00007ffb93190000 - 0x00007ffb93455000 	C:\WINDOWS\SYSTEM32\iertutil.dll
0x00007ffba0f10000 - 0x00007ffba0f39000 	C:\WINDOWS\SYSTEM32\srvcli.dll
0x00007ffbb0210000 - 0x00007ffbb021d000 	C:\WINDOWS\SYSTEM32\netutils.dll
0x00007ffbb0e10000 - 0x00007ffbb0e7c000 	C:\WINDOWS\system32\mswsock.dll
0x00007ffbb0230000 - 0x00007ffbb0263000 	C:\WINDOWS\SYSTEM32\IPHLPAPI.DLL
0x00007ffbb2fe0000 - 0x00007ffbb2fea000 	C:\WINDOWS\System32\NSI.dll
0x00007ffba8850000 - 0x00007ffba886d000 	C:\WINDOWS\SYSTEM32\dhcpcsvc6.DLL
0x00007ffba87c0000 - 0x00007ffba87e5000 	C:\WINDOWS\SYSTEM32\dhcpcsvc.DLL
0x00007ffbb02c0000 - 0x00007ffbb0416000 	C:\WINDOWS\SYSTEM32\DNSAPI.dll
0x00007ffbb0c30000 - 0x00007ffbb0c3d000 	C:\WINDOWS\SYSTEM32\DSPARSE.dll
0x00007ffba6a40000 - 0x00007ffba6a4b000 	C:\Windows\System32\rasadhlp.dll
0x00007ffba8b30000 - 0x00007ffba8bb6000 	C:\WINDOWS\System32\fwpuclnt.dll
0x00007ffba6160000 - 0x00007ffba616d000 	C:\Program Files\Java\jdk1.8.0_202\jre\bin\management.dll
0x00007ffb80b80000 - 0x00007ffb80b98000 	C:\WINDOWS\system32\napinsp.dll
0x00007ffb80ab0000 - 0x00007ffb80ac3000 	C:\WINDOWS\System32\winrnr.dll
0x00007ffb80b50000 - 0x00007ffb80b72000 	C:\WINDOWS\system32\nlansp_c.dll
0x00007ffb80b30000 - 0x00007ffb80b46000 	C:\WINDOWS\system32\wshbth.dll
0x00007ffb973d0000 - 0x00007ffb973e2000 	C:\Program Files\Java\jdk1.8.0_202\jre\bin\nio.dll
0x00007ffbb1240000 - 0x00007ffbb125b000 	C:\WINDOWS\SYSTEM32\CRYPTSP.dll
0x00007ffbb07e0000 - 0x00007ffbb0819000 	C:\WINDOWS\system32\rsaenh.dll
0x00007ffbb0ed0000 - 0x00007ffbb0f02000 	C:\WINDOWS\SYSTEM32\USERENV.dll
0x00007ffbb1ad0000 - 0x00007ffbb1afa000 	C:\WINDOWS\SYSTEM32\bcrypt.dll
0x00007ffbb2020000 - 0x00007ffbb20cc000 	C:\WINDOWS\System32\bcryptprimitives.dll
0x00007ffbb1080000 - 0x00007ffbb108c000 	C:\WINDOWS\SYSTEM32\CRYPTBASE.dll

VM Arguments:
java_command: com.afm.eureka.EurekaServerApplication
java_class_path (initial): D:\Projects\AFM\eureka-server\target\classes;C:\Users\admin\.m2\repository\org\springframework\cloud\spring-cloud-starter-netflix-eureka-server\2.2.9.RELEASE\spring-cloud-starter-netflix-eureka-server-2.2.9.RELEASE.jar;C:\Users\admin\.m2\repository\org\springframework\cloud\spring-cloud-starter\2.2.9.RELEASE\spring-cloud-starter-2.2.9.RELEASE.jar;C:\Users\admin\.m2\repository\org\springframework\boot\spring-boot-starter\2.3.12.RELEASE\spring-boot-starter-2.3.12.RELEASE.jar;C:\Users\admin\.m2\repository\org\springframework\boot\spring-boot\2.3.12.RELEASE\spring-boot-2.3.12.RELEASE.jar;C:\Users\admin\.m2\repository\org\springframework\spring-context\5.2.15.RELEASE\spring-context-5.2.15.RELEASE.jar;C:\Users\admin\.m2\repository\org\springframework\boot\spring-boot-autoconfigure\2.3.12.RELEASE\spring-boot-autoconfigure-2.3.12.RELEASE.jar;C:\Users\admin\.m2\repository\org\springframework\boot\spring-boot-starter-logging\2.3.12.RELEASE\spring-boot-starter-logging-2.3.12.RELEASE.jar;C:\Users\admin\.m2\repository\ch\qos\logback\logback-classic\1.2.3\logback-classic-1.2.3.jar;C:\Users\admin\.m2\repository\ch\qos\logback\logback-core\1.2.3\logback-core-1.2.3.jar;C:\Users\admin\.m2\repository\org\apache\logging\log4j\log4j-to-slf4j\2.13.3\log4j-to-slf4j-2.13.3.jar;C:\Users\admin\.m2\repository\org\apache\logging\log4j\log4j-api\2.13.3\log4j-api-2.13.3.jar;C:\Users\admin\.m2\repository\org\slf4j\jul-to-slf4j\1.7.30\jul-to-slf4j-1.7.30.jar;C:\Users\admin\.m2\repository\jakarta\annotation\jakarta.annotation-api\1.3.5\jakarta.annotation-api-1.3.5.jar;C:\Users\admin\.m2\repository\org\springframework\spring-core\5.2.15.RELEASE\spring-core-5.2.15.RELEASE.jar;C:\Users\admin\.m2\repository\org\springframework\spring-jcl\5.2.15.RELEASE\spring-jcl-5.2.15.RELEASE.jar;C:\Users\admin\.m2\repository\org\yaml\snakeyaml\1.26\snakeyaml-1.26.jar;C:\Users\admin\.m2\repository\org\springframework\cloud\spring-cloud-context\2.2.9.RELEASE\spring-cloud-context-2.2.9.RELE
Launcher Type: SUN_STANDARD

Environment Variables:
JAVA_HOME=C:\Program Files\Java\jdk1.8.0_202
PATH=C:\Program Files\Eclipse Adoptium\jdk-17.0.19.10-hotspot\bin;C:\Program Files (x86)\Common Files\Oracle\Java\javapath;C:\WINDOWS\system32;C:\WINDOWS;C:\WINDOWS\System32\Wbem;C:\WINDOWS\System32\WindowsPowerShell\v1.0\;C:\WINDOWS\System32\OpenSSH\;C:\xampp\php;C:\ProgramData\ComposerSetup\bin;C:\Program Files\dotnet\;C:\Program Files\MySQL\MySQL Server 8.0\bin;C:\Program Files\nodejs\;C:\Program Files\Git\cmd;C:\Program Files\Docker\Docker\resources\bin;C:\Program Files\MySQL\MySQL Shell 8.0\bin\;C:\laragon\bin;C:\laragon\bin\apache\httpd-2.4.35-win64-VC15\bin;C:\laragon\bin\composer;C:\laragon\bin\laragon\utils;C:\laragon\bin\mysql\mysql-5.7.24-winx64\bin;C:\laragon\bin\nodejs\node-v14;C:\laragon\bin\notepad++;C:\laragon\bin\php\php-7.3.20-Win32-VC15-x64;C:\laragon\bin\redis\redis-x64-3.2.100;C:\Users\admin\AppData\Local\Yarn\config\global\node_modules\.bin;C:\Users\admin\AppData\Roaming\Composer\vendor\bin;C:\Users\admin\AppData\Roaming\npm;C:\Users\admin\AppData\Local\Microsoft\WindowsApps;C:\Users\admin\AppData\Local\Programs\Microsoft VS Code\bin;;C:\Program Files\JetBrains\IntelliJ IDEA Community Edition 2023.1.2\bin;;C:\Users\admin\AppData\Local\Microsoft\WindowsApps;C:\Users\admin\AppData\Local\Microsoft\WinGet\Packages\EclipseFoundation.Eclipse.JEE_Microsoft.Winget.Source_8wekyb3d8bbwe\eclipse;
USERNAME=admin
OS=Windows_NT
PROCESSOR_IDENTIFIER=Intel64 Family 6 Model 158 Stepping 13, GenuineIntel



---------------  S Y S T E M  ---------------

OS: Windows 10.0 , 64 bit Build 26100 (10.0.26100.8875)

CPU:total 12 (initial active 12) (6 cores per cpu, 2 threads per core) family 6 model 158 stepping 13, cmov, cx8, fxsr, mmx, sse, sse2, sse3, ssse3, sse4.1, sse4.2, popcnt, avx, avx2, aes, clmul, erms, 3dnowpref, lzcnt, ht, tsc, tscinvbit, bmi1, bmi2, adx

Memory: 4k page, physical 16553888k(2195612k free), swap 24131100k(548k free)

vm_info: Java HotSpot(TM) 64-Bit Server VM (25.202-b08) for windows-amd64 JRE (1.8.0_202-b08), built on Dec 15 2018 19:54:30 by "java_re" with MS VC++ 10.0 (VS2010)

time: Mon Aug 10 15:15:04 2026
timezone: India Standard Time
elapsed time: 2151 seconds (0d 0h 35m 51s)

